// Jest Snapshot v1, https://goo.gl/fbAQLP

exports[`Tests of App Component Component should not regress 1`] = `
Object {
  "asFragment": [Function],
  "baseElement": <body>
    <div>
      <div
        style="margin-left: auto; margin-right: auto; max-width: 30rem; text-align: center; padding: 4rem 0rem;"
      >
        <img
          alt="Spotify brand logo"
          class="sc-AxhCb dGMTeP"
          src="Spotify_Icon_CMYK_Black.png"
        />
        <h2
          class="display-4"
        >
          Welcome to Spotifood
        </h2>
        <p
          class="lead"
        >
          Here you can find all the most played playlists of the moment according to your profile 
          <span
            aria-label="Headhphone emoji"
            class="bounce"
            role="img"
          >
            ðŸŽ§
          </span>
        </p>
        <button
          class="ant-btn sc-AxiKw gwxEuR ant-btn-block"
          type="button"
        >
          <span>
            Login on Spotify
          </span>
        </button>
      </div>
    </div>
  </body>,
  "container": <div>
    <div
      style="margin-left: auto; margin-right: auto; max-width: 30rem; text-align: center; padding: 4rem 0rem;"
    >
      <img
        alt="Spotify brand logo"
        class="sc-AxhCb dGMTeP"
        src="Spotify_Icon_CMYK_Black.png"
      />
      <h2
        class="display-4"
      >
        Welcome to Spotifood
      </h2>
      <p
        class="lead"
      >
        Here you can find all the most played playlists of the moment according to your profile 
        <span
          aria-label="Headhphone emoji"
          class="bounce"
          role="img"
        >
          ðŸŽ§
        </span>
      </p>
      <button
        class="ant-btn sc-AxiKw gwxEuR ant-btn-block"
        type="button"
      >
        <span>
          Login on Spotify
        </span>
      </button>
    </div>
  </div>,
  "debug": [Function],
  "findAllByAltText": [Function],
  "findAllByDisplayValue": [Function],
  "findAllByLabelText": [Function],
  "findAllByPlaceholderText": [Function],
  "findAllByRole": [Function],
  "findAllByTestId": [Function],
  "findAllByText": [Function],
  "findAllByTitle": [Function],
  "findByAltText": [Function],
  "findByDisplayValue": [Function],
  "findByLabelText": [Function],
  "findByPlaceholderText": [Function],
  "findByRole": [Function],
  "findByTestId": [Function],
  "findByText": [Function],
  "findByTitle": [Function],
  "getAllByAltText": [Function],
  "getAllByDisplayValue": [Function],
  "getAllByLabelText": [Function],
  "getAllByPlaceholderText": [Function],
  "getAllByRole": [Function],
  "getAllByTestId": [Function],
  "getAllByText": [Function],
  "getAllByTitle": [Function],
  "getByAltText": [Function],
  "getByDisplayValue": [Function],
  "getByLabelText": [Function],
  "getByPlaceholderText": [Function],
  "getByRole": [Function],
  "getByTestId": [Function],
  "getByText": [Function],
  "getByTitle": [Function],
  "queryAllByAltText": [Function],
  "queryAllByDisplayValue": [Function],
  "queryAllByLabelText": [Function],
  "queryAllByPlaceholderText": [Function],
  "queryAllByRole": [Function],
  "queryAllByTestId": [Function],
  "queryAllByText": [Function],
  "queryAllByTitle": [Function],
  "queryByAltText": [Function],
  "queryByDisplayValue": [Function],
  "queryByLabelText": [Function],
  "queryByPlaceholderText": [Function],
  "queryByRole": [Function],
  "queryByTestId": [Function],
  "queryByText": [Function],
  "queryByTitle": [Function],
  "rerender": [Function],
  "unmount": [Function],
}
`;
